STRING_INTERPOLATION ('$"some variable {')
STRING_LITERAL ('"dasdas"')
STRING_INTERPOLATION ('} asdasdasdas"')
WHITE_SPACE ('\n\n')
STRING_INTERPOLATION ('$"some variable {'char'} asdasdasdas"')
WHITE_SPACE ('\n\n')
STRING_INTERPOLATION ('$"some variable {if} asdasdasdas"')
WHITE_SPACE ('\n\n')
STRING_INTERPOLATION ('$"some variable {$')
STRING_LITERAL ('"someValue"')
STRING_INTERPOLATION ('} asdasdasdas"')
WHITE_SPACE ('\n\n')
STRING_INTERPOLATION ('$"some variable {@')
STRING_LITERAL ('"someValue"')
STRING_INTERPOLATION ('} asdasdasdas"')
WHITE_SPACE ('\n\n')
STRING_INTERPOLATION ('$"some variable {someValue} asdasdasdas"')